C:\Users\BP 012\eclipse-workspace\BootMVCProject\BootRest-Proj15-MIniProject-AppDevelopment-Swaggar-Open-API\src\main\java\com\bpl\error\TouriestNotFoundException.java
C:\Users\BP 012\eclipse-workspace\BootMVCProject\BootRest-Proj15-MIniProject-AppDevelopment-Swaggar-Open-API\src\main\java\com\bpl\repository\ITouriestRepository.java
C:\Users\BP 012\eclipse-workspace\BootMVCProject\BootRest-Proj15-MIniProject-AppDevelopment-Swaggar-Open-API\src\main\java\com\bpl\service\ITouriestMgmtService.java
C:\Users\BP 012\eclipse-workspace\BootMVCProject\BootRest-Proj15-MIniProject-AppDevelopment-Swaggar-Open-API\src\main\java\com\bpl\service\TouriestMgmtService.java
C:\Users\BP 012\eclipse-workspace\BootMVCProject\BootRest-Proj15-MIniProject-AppDevelopment-Swaggar-Open-API\src\main\java\com\bpl\entity\Touriest.java
C:\Users\BP 012\eclipse-workspace\BootMVCProject\BootRest-Proj15-MIniProject-AppDevelopment-Swaggar-Open-API\src\main\java\com\bpl\BRestProj12MIniProjAppDvlopApplication.java
C:\Users\BP 012\eclipse-workspace\BootMVCProject\BootRest-Proj15-MIniProject-AppDevelopment-Swaggar-Open-API\src\main\java\com\bpl\rest\TouriestOperationController.java
C:\Users\BP 012\eclipse-workspace\BootMVCProject\BootRest-Proj15-MIniProject-AppDevelopment-Swaggar-Open-API\src\main\java\com\bpl\ServletInitializer.java
